2026-06-13 22:14:13,509 [INFO] ======================================================================
2026-06-13 22:14:13,509 [INFO] STEP 2: DATA ACQUISITION
2026-06-13 22:14:13,509 [INFO] ======================================================================
2026-06-13 22:14:15,761 [INFO] Downloading OHLCV for ['^NSEI', '^INDIAVIX', 'LIQUIDBEES.NS', 'GOLDBEES.NS', 'NIFTYBEES.NS', 'JUNIORBEES.NS', 'BANKBEES.NS'] from 1990-01-01 to 2026-06-13
2026-06-13 22:14:15,761 [INFO]   Downloading ^NSEI...
2026-06-13 22:14:27,308 [ERROR] $^NSEI: possibly delisted; no price data found  (1d 1990-01-01 -> 2026-06-13)
2026-06-13 22:14:27,315 [ERROR] 
1 Failed download:
2026-06-13 22:14:27,315 [ERROR] ['^NSEI']: possibly delisted; no price data found  (1d 1990-01-01 -> 2026-06-13)
2026-06-13 22:14:27,325 [WARNING]   Ticker ^NSEI returned empty DataFrame
2026-06-13 22:14:27,326 [INFO]   Downloading ^INDIAVIX...
2026-06-13 22:14:28,963 [INFO]   Downloading LIQUIDBEES.NS...
2026-06-13 22:14:30,387 [INFO]   Downloading GOLDBEES.NS...
2026-06-13 22:14:32,252 [INFO]   Downloading NIFTYBEES.NS...
2026-06-13 22:14:34,103 [INFO]   Downloading JUNIORBEES.NS...
2026-06-13 22:14:35,906 [INFO]   Downloading BANKBEES.NS...
2026-06-13 22:14:37,798 [WARNING]   Ticker ^NSEI not found in downloaded data
2026-06-13 22:14:37,848 [INFO]   Saved ^INDIAVIX: 4476 rows
2026-06-13 22:14:37,887 [INFO]   Saved LIQUIDBEES.NS: 4300 rows
2026-06-13 22:14:37,932 [INFO]   Saved GOLDBEES.NS: 4299 rows
2026-06-13 22:14:37,968 [INFO]   Saved NIFTYBEES.NS: 4300 rows
2026-06-13 22:14:38,006 [INFO]   Saved JUNIORBEES.NS: 4300 rows
2026-06-13 22:14:38,047 [INFO]   Saved BANKBEES.NS: 4300 rows
2026-06-13 22:14:38,047 [INFO] OHLCV download complete: (4501, 30)
2026-06-13 22:14:38,048 [INFO]   Fetching FRED: DGS10 (10Y Treasury Yield)

