2026-06-13 10:20:09.621 Uvicorn server started on 0.0.0.0:8501

  You can now view your Streamlit app in your browser.

  Local URL: http://localhost:8501
  Network URL: http://10.109.25.234:8501
  External URL: http://157.50.148.235:8501

2026-06-13 10:20:16.947 Please replace `use_container_width` with `width`.

`use_container_width` will be removed after 2025-12-31.

For `use_container_width=True`, use `width='stretch'`. For `use_container_width=False`, use `width='content'`.
2026-06-13 10:20:17.228 Please replace `use_container_width` with `width`.

`use_container_width` will be removed after 2025-12-31.

For `use_container_width=True`, use `width='stretch'`. For `use_container_width=False`, use `width='content'`.
+------------------------- Traceback (most recent call last) --------------------------+
| D:\Market regime                                                                     |
| detection\venv\Lib\site-packages\streamlit\runtime\scriptrunner\exec_code.py:129 in  |
| exec_func_with_error_handling                                                        |
|                                                                                      |
| D:\Market regime                                                                     |
| detection\venv\Lib\site-packages\streamlit\runtime\scriptrunner\script_runner.py:789 |
| in code_to_exec                                                                      |
|                                                                                      |
| d:\Market regime detection\src\app.py:2374 in <module>                               |
|                                                                                      |
|   2371                                                                               |
|   2372                                                                               |
|   2373 if __name__ == "__main__":                                                    |
| > 2374     main()                                                                    |
|   2375                                                                               |
|                                                                                      |
| d:\Market regime detection\src\app.py:1442 in main                                   |
|                                                                                      |
|   1439                         rets = features.loc[mask, "SPY_returns"].dropna()     |
|   1440                         if len(rets) > 0:                                     |
|   1441                             color = REGIME_COLORS.get(regime, "#94a3b8")      |
| > 1442                             fig_box.add_trace(go.Box(                         |
|   1443                                 y=rets,                                       |
|   1444                                 name=regime,                                  |
|   1445                                 marker_color=color,                           |
|                                                                                      |
| D:\Market regime detection\venv\Lib\site-packages\plotly\graph_objs\_box.py:3015 in  |
| __init__                                                                             |
|                                                                                      |
|   3012         self._set_property("customdatasrc", arg, customdatasrc)               |
|   3013         self._set_property("dx", arg, dx)                                     |
|   3014         self._set_property("dy", arg, dy)                                     |
| > 3015         self._set_property("fillcolor", arg, fillcolor)                       |
|   3016         self._set_property("hoverinfo", arg, hoverinfo)                       |
|   3017         self._set_property("hoverinfosrc", arg, hoverinfosrc)                 |
|   3018         self._set_property("hoverlabel", arg, hoverlabel)                     |
|                                                                                      |
| D:\Market regime detection\venv\Lib\site-packages\plotly\basedatatypes.py:4403 in    |
| _set_property                                                                        |
|                                                                                      |
|   4400         or a value popped from the arguments dictionary. If neither           |
|   4401         is available, do not set the property.                                |
|   4402         """                                                                   |
| > 4403         _set_property_provided_value(self, name, arg, provided)               |
|   4404                                                                               |
|   4405     @property                                                                 |
|   4406     def _validators(self):                                                    |
|                                                                                      |
| D:\Market regime detection\venv\Lib\site-packages\plotly\basedatatypes.py:398 in     |
| _set_property_provided_value                                                         |
|                                                                                      |
|    395     val = arg.pop(name, None)                                                 |
|    396     val = provided if provided is not None else val                           |
|    397     if val is not None:                                                       |
| >  398         obj[name] = val                                                       |
|    399                                                                               |
|    400                                                                               |
|    401 class BaseFigure(object):                                                     |
|                                                                                      |
| D:\Market regime detection\venv\Lib\site-packages\plotly\basedatatypes.py:4932 in    |
| __setitem__                                                                          |
|                                                                                      |
|   4929                                                                               |
|   4930                 # ### Handle simple property ###                              |
|   4931                 else:                                                         |
| > 4932                     self._set_prop(prop, value)                               |
|   4933             else:                                                             |
|   4934                 # Make sure properties dict is initialized                    |
|   4935                 self._init_props()                                            |
|                                                                                      |
| D:\Market regime detection\venv\Lib\site-packages\plotly\basedatatypes.py:5276 in    |
| _set_prop                                                                            |
|                                                                                      |
|   5273             if self._skip_invalid:                                            |
|   5274                 return                                                        |
|   5275             else:                                                             |
| > 5276                 raise err                                                     |
|   5277                                                                               |
|   5278         # val is None                                                         |
|   5279         # -----------                                                         |
|                                                                                      |
| D:\Market regime detection\venv\Lib\site-packages\plotly\basedatatypes.py:5271 in    |
| _set_prop                                                                            |
|                                                                                      |
|   5268         validator = self._get_validator(prop)                                 |
|   5269                                                                               |
|   5270         try:                                                                  |
| > 5271             val = validator.validate_coerce(val)                              |
|   5272         except ValueError as err:                                             |
|   5273             if self._skip_invalid:                                            |
|   5274                 return                                                        |
|                                                                                      |
| D:\Market regime                                                                     |
| detection\venv\Lib\site-packages\_plotly_utils\basevalidators.py:1399 in             |
| validate_coerce                                                                      |
|                                                                                      |
|   1396             # Validate scalar color                                           |
|   1397             validated_v = self.vc_scalar(v)                                   |
|   1398             if validated_v is None and should_raise:                          |
| > 1399                 self.raise_invalid_val(v)                                     |
|   1400                                                                               |
|   1401             v = validated_v                                                   |
|   1402                                                                               |
|                                                                                      |
| D:\Market regime                                                                     |
| detection\venv\Lib\site-packages\_plotly_utils\basevalidators.py:312 in              |
| raise_invalid_val                                                                    |
|                                                                                      |
|    309             for i in inds:                                                    |
|    310                 name += "[" + str(i) + "]"                                    |
|    311                                                                               |
| >  312         raise ValueError(                                                     |
|    313             """                                                               |
|    314     Invalid value of type {typ} received for the '{name}' property of {pname} |
|    315         Received value: {v}                                                   |
+--------------------------------------------------------------------------------------+
ValueError: 
    Invalid value of type 'builtins.str' received for the 'fillcolor' property of box
        Received value: '#10b98130'

    The 'fillcolor' property is a color and may be specified as:
      - A hex string (e.g. '#ff0000')
      - An rgb/rgba string (e.g. 'rgb(255,0,0)')
      - An hsl/hsla string (e.g. 'hsl(0,100%,50%)')
      - An hsv/hsva string (e.g. 'hsv(0,100%,100%)')
      - A named CSS color: see https://plotly.com/python/css-colors/ for a list
