2026-06-13 11:38:22.012 Uvicorn server started on 0.0.0.0:8501

  You can now view your Streamlit app in your browser.

  Local URL: http://localhost:8501
  Network URL: http://10.109.25.234:8501
  External URL: http://157.50.153.42:8501

+------------------------- Traceback (most recent call last) --------------------------+
| D:\Market regime                                                                     |
| detection\venv\Lib\site-packages\streamlit\runtime\scriptrunner\exec_code.py:129 in  |
| exec_func_with_error_handling                                                        |
|                                                                                      |
| D:\Market regime                                                                     |
| detection\venv\Lib\site-packages\streamlit\runtime\scriptrunner\script_runner.py:789 |
| in code_to_exec                                                                      |
|                                                                                      |
| d:\Market regime detection\src\app.py:2409 in <module>                               |
|                                                                                      |
|   2406                                                                               |
|   2407                                                                               |
|   2408 if __name__ == "__main__":                                                    |
| > 2409     main()                                                                    |
|   2410                                                                               |
|                                                                                      |
| d:\Market regime detection\src\app.py:2011 in main                                   |
|                                                                                      |
|   2008                 with col_f_conf:                                              |
|   2009                     min_conf = float(audit_df["confidence"].min()) if "confid |
|   2010                     max_conf = float(audit_df["confidence"].max()) if "confid |
| > 2011                     selected_min_conf = st.slider("Minimum Confidence Thresho |
|   2012                                                                               |
|   2013             # Apply filters                                                   |
|   2014             filtered_df = audit_df.copy()                                     |
|                                                                                      |
| D:\Market regime                                                                     |
| detection\venv\Lib\site-packages\streamlit\runtime\metrics_util.py:698 in            |
| wrapped_func                                                                         |
|                                                                                      |
| D:\Market regime                                                                     |
| detection\venv\Lib\site-packages\streamlit\elements\widgets\slider.py:721 in slider  |
|                                                                                      |
| D:\Market regime                                                                     |
| detection\venv\Lib\site-packages\streamlit\elements\widgets\slider.py:1002 in        |
| _slider                                                                              |
+--------------------------------------------------------------------------------------+
StreamlitAPIException: Slider `min_value` must be less than the `max_value`.
The values were 0.0 and 0.0.
